{"legal":{"can_check":true,"can_fold":false,"call_amount":0,"bet":{"min_to":2,"max_to":10},"suggestions":[{"type":3,"amount":5},{"type":3,"amount":7.5},{"type":3,"amount":10}]},"uniform_actions":[{"type":1,"amount":0,"prob":0.25},{"type":3,"amount":5,"prob":0.25},{"type":3,"amount":7.5,"prob":0.25},{"type":3,"amount":10,"prob":0.25}]}
